// Jest Snapshot v1, https://goo.gl/fbAQLP

exports[`[Component] -> components/Header should render correct header 1`] = `
<div>
  <header
    class="sc-e1990ee5-0 cvCnGB"
  >
    <a
      class="sc-e1990ee5-1 kNGFan"
      href="/api/authorize"
    >
      Log in with Product Hunt
    </a>
  </header>
</div>
`;
