// Jest Snapshot v1, https://goo.gl/fbAQLP

exports[`[Component] -> components/PostsList should render correct link 1`] = `
<div>
  <ol
    class="sc-4e5f1e98-0 jxmlFS"
    data-test-id="post-list"
  >
    <li
      class="sc-94163c43-0 fdDAZw"
    >
      <a
        class="sc-94163c43-4 idEogh"
        href=""
      >
        <figure
          class="sc-94163c43-1 bkOQoB"
        >
          <img
            alt="Image for Alicia Zulauf"
            class="sc-94163c43-2 cVtLRX"
            data-nimg="1"
            decoding="async"
            height="96"
            loading="lazy"
            src="/_next/image?url=https%3A%2F%2Floremflickr.com%2F640%2F480%2Fabstract&w=256&q=75"
            srcset="/_next/image?url=https%3A%2F%2Floremflickr.com%2F640%2F480%2Fabstract&w=96&q=75 1x, /_next/image?url=https%3A%2F%2Floremflickr.com%2F640%2F480%2Fabstract&w=256&q=75 2x"
            style="color: transparent;"
            width="96"
          />
          <figcaption
            class="sc-94163c43-3 iMcrLa"
          >
            <b>
              Alicia Zulauf
            </b>
            <p>
              et aliquid qui laboriosam nostrum est aliquid earum
            </p>
          </figcaption>
        </figure>
      </a>
      <button
        class="sc-94163c43-5 ktvgWL"
        type="button"
      >
        58
      </button>
    </li>
    <li>
      loading more...
    </li>
  </ol>
</div>
`;
